// Jest Snapshot v1, https://goo.gl/fbAQLP

exports[`DashboardDetailed renders correctly 1`] = `<!---->`;
